// Jest Snapshot v1, https://goo.gl/fbAQLP

exports[`'renders button hook' 1`] = `
<span>
  hook
</span>
`;

exports[`'renders' 1`] = `
<div>
  <p>
    You clicked 
    0
     times
  </p>
  <button
    onClick={[Function]}
  >
    Click me
  </button>
</div>
`;
